---
# Source: rekor/templates/buildconfig.yaml
apiVersion: build.openshift.io/v1
kind: BuildConfig
metadata:
  name: rekor
  namespace: openshift
  labels:
    app: rekor
spec:
  source:
    type: Git
    git:
      uri: https://github.com/hybrid-cloud-demos/devsecops-tools
    contextDir: containerFiles/rekor
  strategy:
    type: Docker
    dockerStrategy:
      dockerfilePath: Containerfile
      from:
        kind: ImageStreamTag
        namespace: openshift
        name: cli:latest
  output:
    to:
      kind: ImageStreamTag
      name: rekor:latest
  triggers:
  - type: ImageChange
---
# Source: rekor/templates/imagestream.yaml
apiVersion: image.openshift.io/v1
kind: ImageStream
metadata:
  name: rekor
  namespace: openshift
spec:
  lookupPolicy:
    local: false
  tags:
  - name: latest
    from:
      kind: DockerImage
      name: latest
    referencePolicy:
      type: Source
